// Jest Snapshot v1, https://goo.gl/fbAQLP

exports[`will check ther matchers and pass 1`] = `
Object {
  "createdAt": Any<Date>,
  "id": Any<Number>,
  "name": "horse",
}
`;
