// Jest Snapshot v1, https://goo.gl/fbAQLP

exports[`Link component renders correctly 1`] = `
<a
  href="https://www.instagram.com"
>
  Instagram
</a>
`;
